  % Total    % Received % Xferd  Average Speed   Time    Time     Time  Current
                                 Dload  Upload   Total   Spent    Left  Speed
  0     0    0     0    0     0      0      0 --:--:-- --:--:-- --:--:--     0100    44    0     0  100    44      0     36  0:00:01  0:00:01 --:--:--    36100    44    0     0  100    44      0     19  0:00:02  0:00:02 --:--:--    19100    44    0     0  100    44      0     13  0:00:03  0:00:03 --:--:--    13100    44    0     0  100    44      0     10  0:00:04  0:00:04 --:--:--    10100    44    0     0  100    44      0      8  0:00:05  0:00:05 --:--:--     8100    44    0     0  100    44      0      6  0:00:07  0:00:06  0:00:01     0100    44    0     0  100    44      0      6  0:00:07  0:00:07 --:--:--     0100    44    0     0  100    44      0      5  0:00:08  0:00:08 --:--:--     0100    44    0     0  100    44      0      4  0:00:11  0:00:09  0:00:02     0100    44    0     0  100    44      0      4  0:00:11  0:00:10  0:00:01     0100    44    0     0  100    44      0      3  0:00:14  0:00:11  0:00:03     0100    44    0     0  100    44      0      3  0:00:14  0:00:12  0:00:02     0100   286    0   242  100    44     19      3  0:00:14  0:00:12  0:00:02    62
{"success":true,"results":{"success":false,"summary":{"total":0,"passed":0,"failed":0,"running":0,"coverage":0,"duration":0},"suites":[],"timestamp":"2025-07-29T10:40:31.056Z","error":"No valid JSON found in test output"},"hasFailures":false}